Number of routes/ports down: 8480/158
r0: 869919744 r1: 869919745 r2: 869919746 r3: 869919747
ERROR_1: No available routes from 13273 -> 6636
