Number of routes/ports down: 8355/156
r0: 798999552 r1: 798999553 r2: 798999554 r3: 798999555
ERROR_1: No available routes from 12169 -> 6084
