Number of routes/ports down: 8252/156
r0: 974980608 r1: 974980609 r2: 974980610 r3: 974980611
ERROR_1: No available routes from 14861 -> 7430
