Number of routes/ports down: 20223/158
r0: 313348608 r1: 313348609 r2: 313348610 r3: 313348611
ERROR_1: No available routes from 4773 -> 2386
Number of routes/ports down: 20223/158
r0: 536869376 r1: 536869377 r2: 536869378 r3: 536869379
ERROR_1: No available routes from 8180 -> 4090
-----------------------------------------------
