Number of routes/ports down: 20080/158
r0: 482155008 r1: 482155009 r2: 482155010 r3: 482155011
ERROR_1: No available routes from 7308 -> 14618
----------------------------------------------
