Number of routes/ports down: 20442/156
r0: 572064768 r1: 572064769 r2: 572064770 r3: 572064771
ERROR_1: No available routes from 8713 -> 4356
-----------------------------------
