Number of routes/ports down: 20026/158
r0: 840630528 r1: 840630529 r2: 840630530 r3: 840630531
ERROR_1: No available routes from 12803 -> 6401
-----------------------------------------------------
