1pct_1
Number of routes/ports down: 20022/158
r0: 840500224 r1: 840500225 r2: 840500226 r3: 840500227
ERROR_1: No available routes from 12809 -> 6404
-----------------------------------------------------
