1pct_10
EMBER: platform: allReduce_small
EMBER: network: topology=dragonfly shape=16:32:16:32
EMBER: numNodes=16384 numNics=16384
override merlinParams merlinParams.rt_filename=allReduceSmall_DF_16384_rt.txt with /global/cscratch1/sd/tconnors/allReduce_small_DF_8k_rt.txt
override merlinParams merlinParams.runtype=0 with 1
override merlinParams merlinParams.route=0 with 5
override merlinParams merlinParams.downPort_filename=5percent_down.txt with /global/homes/t/tconnors/sst/sst-elements/src/sst/elements/ember/test/portFiles/1percent_8k_10.txt
EMBER: network: BW=100GB/s pktSize=2048B flitSize=40B
EMBER: merlin: ROUTE=5 RUNTYPE=1 ROUTING_ALGO=adaptive-local PORTS_FNAME=/global/homes/t/tconnors/sst/sst-elements/src/sst/elements/ember/test/portFiles/1percent_8k_10.txt
EMBER: Job: -nidList=0-16383 -ranksPerNode=4 ['Init']
EMBER: Job: -nidList=0-16383 -ranksPerNode=4 ['Allreduce', 'iterations=1', 'count=1024']
EMBER: Job: -nidList=0-16383 -ranksPerNode=4 ['Fini']
Number of routes/ports down: 20693/158
Allreduce: ranks 65536, loop 1, 1024 double(s), latency 105.093 us
Simulation is complete, simulated time: 261.525 us
------------------------------------------------------------------
