Number of routes/ports down: 20613/156
r0: 773784576 r1: 773784577 r2: 773784578 r3: 773784579
ERROR_1: No available routes from 11785 -> 5892
------------------------------------------------------
